info  Running SUSHI v3.17.0 (implements FHIR Shorthand specification v3.0.0)
info  Arguments:
info    --log-level debug
info    C:\Projekte\FHIR\Git\DGUV-Rechnung
info  No output path specified. Output to .
info  Using configuration file: C:\Projekte\FHIR\Git\DGUV-Rechnung\sushi-config.yaml
info  Importing FSH text...
info  Preprocessed 3 documents with 0 aliases.
info  Imported 3 definitions and 0 instances.
info  Loaded virtual package sushi-r5forR4#1.0.0 with 7 resources
info  Resolved hl7.fhir.uv.tools.r4#latest to concrete version 1.3.0
info  Loaded hl7.fhir.uv.tools.r4#1.3.0 with 128 resources
info  Resolved hl7.terminology.r4#latest to concrete version 7.4.0
info  Loaded hl7.terminology.r4#7.4.0 with 4211 resources
info  Loaded dguv.basis#1.5.2 with 29 resources
info  Loaded hl7.fhir.r4.core#4.0.1 with 4578 resources
info  Resolved hl7.fhir.uv.extensions.r4#latest to concrete version 5.3.0
info  Loaded hl7.fhir.uv.extensions.r4#5.3.0 with 885 resources
info  Loaded virtual package sushi-local#LOCAL with 0 resources
info  Converting FSH to FHIR resources...
error Cannot create positionType extension; unable to locate extension definition for: UVChargeItemType.
  File: C:\Projekte\FHIR\Git\DGUV-Rechnung\input\fsh\DGUV_ChargeItem.fsh
  Line: 6 - 7
error No element found at path extension[positionType] for CardRule in UVChargeItem, skipping rule
  File: C:\Projekte\FHIR\Git\DGUV-Rechnung\input\fsh\DGUV_ChargeItem.fsh
  Line: 6 - 7
error No element found at path extension[positionType] for FlagRule in UVChargeItem, skipping rule
  File: C:\Projekte\FHIR\Git\DGUV-Rechnung\input\fsh\DGUV_ChargeItem.fsh
  Line: 6 - 7
error Structure Definition http://fhir.dguv.de/Basis/Patient/DGUV-Basis-PR-VersichertePerson is missing a snapshot. Snapshot is required for import.
  File: C:\Projekte\FHIR\Git\DGUV-Rechnung\input\fsh\DGUV_VersichertePerson.fsh
  Line: 1 - 71
debug Error: Structure Definition http://fhir.dguv.de/Basis/Patient/DGUV-Basis-PR-VersichertePerson is missing a snapshot. Snapshot is required for import.
    at StructureDefinition.fromJSON (C:\Projekte\FHIR\nvm\v22.22.0\node_modules\fsh-sushi\dist\fhirtypes\StructureDefinition.js:459:19)
    at StructureDefinitionExporter.getStructureDefinition (C:\Projekte\FHIR\nvm\v22.22.0\node_modules\fsh-sushi\dist\export\StructureDefinitionExporter.js:162:59)
    at StructureDefinitionExporter.exportStructDef (C:\Projekte\FHIR\nvm\v22.22.0\node_modules\fsh-sushi\dist\export\StructureDefinitionExporter.js:1204:32)
    at C:\Projekte\FHIR\nvm\v22.22.0\node_modules\fsh-sushi\dist\export\StructureDefinitionExporter.js:1296:22
    at Array.forEach (<anonymous>)
    at StructureDefinitionExporter.export (C:\Projekte\FHIR\nvm\v22.22.0\node_modules\fsh-sushi\dist\export\StructureDefinitionExporter.js:1294:30)
    at FHIRExporter.export (C:\Projekte\FHIR\nvm\v22.22.0\node_modules\fsh-sushi\dist\export\FHIRExporter.js:27:48)
    at exportFHIR (C:\Projekte\FHIR\nvm\v22.22.0\node_modules\fsh-sushi\dist\export\exportFHIR.js:17:27)
    at runBuild (C:\Projekte\FHIR\nvm\v22.22.0\node_modules\fsh-sushi\dist\app.js:213:48)
    at process.processTicksAndRejections (node:internal/process/task_queues:105:5)
info  Converted 3 FHIR StructureDefinitions.
info  Exporting FHIR resources as JSON...
info  Exported 2 FHIR resources as JSON.
info  Assembling Implementation Guide sources...
warn  No "menu" property or file was found. Generate a menu.xml in the input\includes folder or specify a "menu" property in sushi-config.yaml.
info  Generated ImplementationGuide-DGUV-Rechnung.ig.json
info  Assembled Implementation Guide sources; ready for IG Publisher.
info  The sample-ig located at https://github.com/FHIR/sample-ig contains scripts useful for downloading and running the IG Publisher.

========================= SUSHI RESULTS ===========================
|  -------------------------------------------------------------  |
| |    Profiles   |  Extensions  |   Logicals   |   Resources   | |
| |-------------------------------------------------------------| |
| |       2       |      0       |      0       |       0       | |
|  -------------------------------------------------------------  |
|  -------------------------------------------------------------  |
| |      ValueSets     |    CodeSystems    |     Instances      | |
| |-------------------------------------------------------------| |
| |         0          |         0         |         0          | |
|  -------------------------------------------------------------  |
|                                                                 |
===================================================================
| Some-fin went wrong...                 4 Errors       1 Warning |
===================================================================
|    You are using SUSHI version 3.17.0, but the latest stable    |
| release is version 3.20.1. To install the latest release, run:  |
|                    npm install -g fsh-sushi                     |
===================================================================

